*****************************************************************
      SolidWorks Corporation - Informe de estado del procesador de IGES
*****************************************************************
Advertencia: No se ha podido leer el archivo de IGES. El archivo está truncado o no contiene datos válidos.                                


=================================================================
Resumen de entidades
=================================================================
-----------------------------------------------------------------
Nombre de tipo                                         Número convertido
---- ----                                         ----- ---------
_________________________________________________________________


=================================================================
Resumen de resultados
=================================================================
Tipo de operación de SolidWorks                Número
-----------------------                -----
Operaciones sólidas0
Operaciones de superficie0
Operaciones de curvas/croquis0
--------------------------------------------
Hora de comienzo: martes, septiembre 26, 2023 23:51:56
Hora de finalización: martes, septiembre 26, 2023 23:51:58
Tiempo de procesamiento: 0 days, 00 hours, 00 mins, 02 secs
